\BOOKMARK [1][-]{section.1}{\376\377\000I\000n\000t\000r\000o\000d\000u\000c\000t\000i\000o\000n}{}% 1
\BOOKMARK [1][-]{section.2}{\376\377\000P\000r\000i\000n\000c\000i\000p\000l\000e\000\040\000o\000f\000\040\000o\000p\000e\000r\000a\000t\000i\000o\000n\000\040\000-\000\040\000o\000p\000e\000n\040\023\000l\000o\000o\000p\000\040\000c\000o\000n\000f\000i\000g\000u\000r\000a\000t\000i\000o\000n}{}% 2
\BOOKMARK [1][-]{section.3}{\376\377\000M\000o\000d\000u\000l\000a\000t\000i\000o\000n\000\040\000s\000c\000h\000e\000m\000e\000\040\000-\000\040\000c\000l\000o\000s\000e\000d\040\023\000l\000o\000o\000p\000\040\000o\000p\000e\000r\000a\000t\000i\000o\000n}{}% 3
\BOOKMARK [1][-]{section.4}{\376\377\000M\000o\000d\000u\000l\000a\000t\000o\000r\000\040\000h\000a\000r\000d\000w\000a\000r\000e\000\040\000a\000r\000c\000h\000i\000t\000e\000c\000t\000u\000r\000e}{}% 4
\BOOKMARK [2][-]{subsection.4.1}{\376\377\000D\000e\000d\000i\000c\000a\000t\000e\000d\000\040\000g\000a\000i\000n\000\040\000s\000t\000a\000g\000e\000\040\000-\000\040\000m\000i\000x\000e\000d\000\040\000v\000a\000r\000i\000a\000n\000t}{section.4}% 5
\BOOKMARK [2][-]{subsection.4.2}{\376\377\000S\000o\000f\000t\000w\000a\000r\000e\040\023\000d\000e\000f\000i\000n\000e\000d\000\040\000s\000o\000l\000u\000t\000i\000o\000n\000\040\000-\000\040\000a\000l\000l\040\023\000d\000i\000g\000i\000t\000a\000l\000\040\000v\000a\000r\000i\000a\000n\000t}{section.4}% 6
\BOOKMARK [3][-]{subsubsection.4.2.1}{\376\377\000V\000o\000l\000t\000a\000g\000e\000\040\000r\000e\000f\000e\000r\000e\000n\000c\000e}{subsection.4.2}% 7
\BOOKMARK [3][-]{subsubsection.4.2.2}{\376\377\000D\000r\000i\000v\000e\000\040\000a\000c\000c\000u\000r\000a\000c\000y\000\040\000a\000n\000d\000\040\000q\000u\000a\000n\000t\000i\000z\000a\000t\000i\000o\000n\000\040\000e\000r\000r\000o\000r}{subsection.4.2}% 8
\BOOKMARK [1][-]{section.5}{\376\377\000P\000r\000e\000c\000i\000s\000i\000o\000n\000\040\000e\000s\000t\000i\000m\000a\000t\000i\000o\000n\000\040\000a\000n\000d\000\040\000i\000m\000p\000a\000c\000t}{}% 9
\BOOKMARK [1][-]{section.6}{\376\377\000A\000l\000g\000o\000r\000i\000t\000h\000m\000\040\000d\000e\000s\000i\000g\000n}{}% 10
\BOOKMARK [2][-]{subsection.6.1}{\376\377\000N\000a\000i\000v\000e\000\040\000i\000m\000p\000l\000e\000m\000e\000n\000t\000a\000t\000i\000o\000n}{section.6}% 11
\BOOKMARK [3][-]{subsubsection.6.1.1}{\376\377\000N\000u\000m\000b\000e\000r\000\040\000o\000f\000\040\000s\000a\000m\000p\000l\000e\000s\000\040\000c\000o\000n\000s\000i\000d\000e\000r\000e\000d}{subsection.6.1}% 12
\BOOKMARK [3][-]{subsubsection.6.1.2}{\376\377\000D\000r\000i\000v\000e\000\040\000s\000y\000m\000m\000e\000t\000r\000y}{subsection.6.1}% 13
\BOOKMARK [3][-]{subsubsection.6.1.3}{\376\377\000R\000o\000u\000n\000d\000i\000n\000g\000\040\000f\000a\000c\000t\000o\000r}{subsection.6.1}% 14
\BOOKMARK [2][-]{subsection.6.2}{\376\377\000O\000p\000t\000i\000m\000a\000l\000\040\000i\000m\000p\000l\000e\000m\000e\000n\000t\000a\000t\000i\000o\000n}{section.6}% 15
\BOOKMARK [1][-]{section.7}{\376\377\000C\000o\000n\000c\000l\000u\000s\000i\000o\000n\000s\000\040\000a\000n\000d\000\040\000f\000u\000r\000t\000h\000e\000r\000\040\000w\000o\000r\000k}{}% 16
\BOOKMARK [1][-]{section*.12}{\376\377\000R\000e\000f\000e\000r\000e\000n\000c\000e\000s}{}% 17
\BOOKMARK [1][-]{biography.0}{\376\377\000B\000i\000o\000g\000r\000a\000p\000h\000i\000e\000s}{}% 18
\BOOKMARK [2][-]{biography.1}{\376\377\000S\001\102\000a\000w\000o\000m\000i\000r\000\040\000N\000i\000e\000s\000p\000o\000d\000z\000i\000a\000n\000y}{biography.0}% 19
\BOOKMARK [2][-]{biography.2}{\376\377\000P\000r\000z\000e\000m\000y\000s\001\102\000a\000w\000\040\000R\000o\000k\000i\000t\000a}{biography.0}% 20
